61.135.159.125 - - [11/Oct/2023:06:38:56 -0400] "GET / HTTP/1.0" 200 7349 "-" "Sogou web spider/4.0(+http://www.sogou.com/docs/help/webmasters.htm#07)"
12.179.100.234 - - [11/Oct/2023:08:25:58 -0400] "GET / HTTP/1.0" 200 7349 "https://www.google.com/" "Mozilla/5.0 (Windows NT 10.0; Win64; x64) AppleWebKit/537.36 (KHTML, like Gecko) Chrome/117.0.0.0 Safari/537.36"
12.179.100.234 - - [11/Oct/2023:08:25:58 -0400] "GET /img/GradyBrothersLogo.gif HTTP/1.0" 200 7442 "https://www.gradybros.com/" "Mozilla/5.0 (Windows NT 10.0; Win64; x64) AppleWebKit/537.36 (KHTML, like Gecko) Chrome/117.0.0.0 Safari/537.36"
12.179.100.234 - - [11/Oct/2023:08:25:58 -0400] "GET /data/work.json HTTP/1.0" 200 1222 "https://www.gradybros.com/" "Mozilla/5.0 (Windows NT 10.0; Win64; x64) AppleWebKit/537.36 (KHTML, like Gecko) Chrome/117.0.0.0 Safari/537.36"
12.179.100.234 - - [11/Oct/2023:08:25:58 -0400] "GET /img/ASphalt_paving_contractor_motor_speedway_1995_cropped.png HTTP/1.0" 200 9198774 "https://www.gradybros.com/" "Mozilla/5.0 (Windows NT 10.0; Win64; x64) AppleWebKit/537.36 (KHTML, like Gecko) Chrome/117.0.0.0 Safari/537.36"
12.179.100.234 - - [11/Oct/2023:08:26:22 -0400] "GET /img/BoomCountyStreetResurfaceSaftyEdgeMay.jpeg HTTP/1.0" 200 717509 "https://www.gradybros.com/" "Mozilla/5.0 (Windows NT 10.0; Win64; x64) AppleWebKit/537.36 (KHTML, like Gecko) Chrome/117.0.0.0 Safari/537.36"
12.179.100.234 - - [11/Oct/2023:13:51:22 -0400] "GET / HTTP/1.0" 200 7349 "https://www.google.com/" "Mozilla/5.0 (Windows NT 10.0; Win64; x64) AppleWebKit/537.36 (KHTML, like Gecko) Chrome/117.0.0.0 Safari/537.36"
12.179.100.234 - - [11/Oct/2023:13:51:23 -0400] "GET /css/main.css HTTP/1.0" 200 79518 "https://www.gradybros.com/" "Mozilla/5.0 (Windows NT 10.0; Win64; x64) AppleWebKit/537.36 (KHTML, like Gecko) Chrome/117.0.0.0 Safari/537.36"
12.179.100.234 - - [11/Oct/2023:13:51:25 -0400] "GET /img/ASphalt_paving_contractor_motor_speedway_1995_cropped.png HTTP/1.0" 200 9198774 "https://www.gradybros.com/" "Mozilla/5.0 (Windows NT 10.0; Win64; x64) AppleWebKit/537.36 (KHTML, like Gecko) Chrome/117.0.0.0 Safari/537.36"
12.179.100.234 - - [11/Oct/2023:13:51:54 -0400] "GET /pages/work/work.html HTTP/1.0" 200 5964 "https://www.gradybros.com/" "Mozilla/5.0 (Windows NT 10.0; Win64; x64) AppleWebKit/537.36 (KHTML, like Gecko) Chrome/117.0.0.0 Safari/537.36"
12.179.100.234 - - [11/Oct/2023:13:51:55 -0400] "GET /img/BoomCountyStreetResurfaceSaftyEdgeMay.jpeg HTTP/1.0" 200 717509 "https://www.gradybros.com/" "Mozilla/5.0 (Windows NT 10.0; Win64; x64) AppleWebKit/537.36 (KHTML, like Gecko) Chrome/117.0.0.0 Safari/537.36"
35.81.82.236 - - [11/Oct/2023:15:47:01 -0400] "GET / HTTP/1.0" 200 7349 "-" "Mozilla/5.0 (Windows NT 10.0; Win64; x64) AppleWebKit/537.36 (KHTML, like Gecko) Chrome/116.0.0.0 Safari/537.36"
64.225.235.3 - - [11/Oct/2023:16:12:34 -0400] "GET /data/feedback.json HTTP/1.0" 200 46 "https://www.gradybros.com/" "Mozilla/5.0 (Windows NT 10.0; Win64; x64) AppleWebKit/537.36 (KHTML, like Gecko) Chrome/117.0.0.0 Safari/537.36 Edg/117.0.2045.60"
64.225.235.3 - - [11/Oct/2023:16:12:34 -0400] "GET /pages/home/home.html HTTP/1.0" 200 8135 "https://www.gradybros.com/" "Mozilla/5.0 (Windows NT 10.0; Win64; x64) AppleWebKit/537.36 (KHTML, like Gecko) Chrome/117.0.0.0 Safari/537.36 Edg/117.0.2045.60"
192.180.164.107 - - [11/Oct/2023:16:19:53 -0400] "GET /img/GradyBrothersLogo.gif HTTP/1.0" 200 7442 "https://www.gradybros.com/" "Mozilla/5.0 (Windows NT 10.0; Win64; x64) AppleWebKit/537.36 (KHTML, like Gecko) Chrome/117.0.0.0 Safari/537.36"
192.180.164.107 - - [11/Oct/2023:16:19:56 -0400] "GET /img/icons8-mail-96.png HTTP/1.0" 200 1914 "https://www.gradybros.com/" "Mozilla/5.0 (Windows NT 10.0; Win64; x64) AppleWebKit/537.36 (KHTML, like Gecko) Chrome/117.0.0.0 Safari/537.36"
192.180.164.107 - - [11/Oct/2023:16:19:53 -0400] "GET /img/Quality_pavement_award_asphalt_pavement_association_of_indiana.png HTTP/1.0" 200 5857608 "https://www.gradybros.com/" "Mozilla/5.0 (Windows NT 10.0; Win64; x64) AppleWebKit/537.36 (KHTML, like Gecko) Chrome/117.0.0.0 Safari/537.36"
184.154.139.50 - - [11/Oct/2023:19:50:52 -0400] "GET /app/app.js HTTP/1.0" 200 8575 "http://www.google.com/url?url=www.gradybros.com&yahoo.com" "Mozilla/5.0 (compatible; MSIE 9.0; Windows NT 6.1; WOW64; Trident/6.0)"
184.154.139.50 - - [11/Oct/2023:19:50:53 -0400] "GET / HTTP/1.0" 200 7349 "http://www.google.com/url?url=www.gradybros.com&yahoo.com" "Mozilla/5.0 (compatible; MSIE 9.0; Windows NT 6.1; WOW64; Trident/6.0)"
50.104.160.64 - - [11/Oct/2023:22:05:57 -0400] "GET / HTTP/1.0" 200 7349 "-" "Mozilla/5.0 (Linux; Android 10; K) AppleWebKit/537.36 (KHTML, like Gecko) Chrome/117.0.0.0 Mobile Safari/537.36"
50.104.160.64 - - [11/Oct/2023:22:05:57 -0400] "GET /lib/dist/hamburgers.css HTTP/1.0" 200 27398 "https://www.gradybros.com/" "Mozilla/5.0 (Linux; Android 10; K) AppleWebKit/537.36 (KHTML, like Gecko) Chrome/117.0.0.0 Mobile Safari/537.36"
50.104.160.64 - - [11/Oct/2023:22:05:57 -0400] "GET /img/icons8-linkedin-256.svg HTTP/1.0" 200 949 "https://www.gradybros.com/" "Mozilla/5.0 (Linux; Android 10; K) AppleWebKit/537.36 (KHTML, like Gecko) Chrome/117.0.0.0 Mobile Safari/537.36"
50.104.160.64 - - [11/Oct/2023:22:05:58 -0400] "GET /img/PlaceHolder.jfif HTTP/1.0" 200 801519 "https://www.gradybros.com/" "Mozilla/5.0 (Linux; Android 10; K) AppleWebKit/537.36 (KHTML, like Gecko) Chrome/117.0.0.0 Mobile Safari/537.36"
49.7.21.67 - - [11/Oct/2023:03:38:39 -0400] "GET / HTTP/1.0" 200 7349 "-" "Sogou web spider/4.0(+http://www.sogou.com/docs/help/webmasters.htm#07)"
114.119.157.103 - - [11/Oct/2023:03:51:42 -0400] "GET /robots.txt HTTP/1.0" 404 575 "-" "Mozilla/5.0 (compatible;PetalBot;+https://webmaster.petalsearch.com/site/petalbot)"
114.119.141.133 - - [11/Oct/2023:05:38:43 -0400] "GET /robots.txt HTTP/1.0" 404 575 "-" "Mozilla/5.0 (compatible;PetalBot;+https://webmaster.petalsearch.com/site/petalbot)"
174.194.1.189 - - [11/Oct/2023:07:17:13 -0400] "GET /data/reviews.json HTTP/1.0" 200 1349 "https://www.gradybros.com/" "Mozilla/5.0 (iPhone; CPU iPhone OS 17_0_3 like Mac OS X) AppleWebKit/605.1.15 (KHTML, like Gecko) Version/17.0.1 Mobile/15E148 Safari/604.1"
174.194.1.189 - - [11/Oct/2023:07:17:13 -0400] "GET /img/Paving_crew_1995.jpg HTTP/1.0" 200 1925367 "https://www.gradybros.com/" "Mozilla/5.0 (iPhone; CPU iPhone OS 17_0_3 like Mac OS X) AppleWebKit/605.1.15 (KHTML, like Gecko) Version/17.0.1 Mobile/15E148 Safari/604.1"
14.19.37.72 - - [11/Oct/2023:07:52:35 -0400] "GET / HTTP/1.0" 200 7349 "https://www.gradybros.com/" "Mozilla/5.0 (Windows NT 6.1; WOW64) AppleWebKit/537.36 (KHTML, like Gecko) Chrome/50.0.2661.102 Safari/537.36"
12.179.100.234 - - [11/Oct/2023:08:25:58 -0400] "GET /img/icons8-linkedin-256.svg HTTP/1.0" 200 949 "https://www.gradybros.com/" "Mozilla/5.0 (Windows NT 10.0; Win64; x64) AppleWebKit/537.36 (KHTML, like Gecko) Chrome/117.0.0.0 Safari/537.36"
12.179.100.234 - - [11/Oct/2023:08:25:58 -0400] "GET /img/Quality_pavement_award_asphalt_pavement_association_of_indiana.png HTTP/1.0" 200 5857608 "https://www.gradybros.com/" "Mozilla/5.0 (Windows NT 10.0; Win64; x64) AppleWebKit/537.36 (KHTML, like Gecko) Chrome/117.0.0.0 Safari/537.36"
12.179.100.234 - - [11/Oct/2023:08:26:15 -0400] "GET /img/MotorSpeedwayWorkers.png HTTP/1.0" 200 2806435 "https://www.gradybros.com/" "Mozilla/5.0 (Windows NT 10.0; Win64; x64) AppleWebKit/537.36 (KHTML, like Gecko) Chrome/117.0.0.0 Safari/537.36"
49.7.21.100 - - [11/Oct/2023:11:36:37 -0400] "GET / HTTP/1.0" 200 7349 "-" "Sogou web spider/4.0(+http://www.sogou.com/docs/help/webmasters.htm#07)"
66.249.66.3 - - [11/Oct/2023:11:39:57 -0400] "GET /robots.txt HTTP/1.0" 404 575 "-" "Mozilla/5.0 (compatible; Googlebot/2.1; +http://www.google.com/bot.html)"
17.241.75.26 - - [11/Oct/2023:12:04:08 -0400] "GET /robots.txt HTTP/1.0" 404 575 "-" "Mozilla/5.0 (Macintosh; Intel Mac OS X 10_15_5) AppleWebKit/605.1.15 (KHTML, like Gecko) Version/13.1.1 Safari/605.1.15 (Applebot/0.1; +http://www.apple.com/go/applebot)"
17.241.75.26 - - [11/Oct/2023:12:04:18 -0400] "GET / HTTP/1.0" 200 7349 "-" "Mozilla/5.0 (Macintosh; Intel Mac OS X 10_15_5) AppleWebKit/605.1.15 (KHTML, like Gecko) Version/13.1.1 Safari/605.1.15 (Applebot/0.1; +http://www.apple.com/go/applebot)"
66.249.66.3 - - [11/Oct/2023:13:27:13 -0400] "GET /robots.txt HTTP/1.0" 404 575 "-" "Mozilla/5.0 (compatible; Googlebot/2.1; +http://www.google.com/bot.html)"
12.179.100.234 - - [11/Oct/2023:13:51:24 -0400] "GET /data/work.json HTTP/1.0" 200 1222 "https://www.gradybros.com/" "Mozilla/5.0 (Windows NT 10.0; Win64; x64) AppleWebKit/537.36 (KHTML, like Gecko) Chrome/117.0.0.0 Safari/537.36"
12.179.100.234 - - [11/Oct/2023:13:51:53 -0400] "GET /img/Business_Journal_1933.jpg HTTP/1.0" 200 1433820 "https://www.gradybros.com/" "Mozilla/5.0 (Windows NT 10.0; Win64; x64) AppleWebKit/537.36 (KHTML, like Gecko) Chrome/117.0.0.0 Safari/537.36"
12.179.100.234 - - [11/Oct/2023:13:51:55 -0400] "GET /img/WestFieldSpring_2022.jpeg HTTP/1.0" 200 696946 "https://www.gradybros.com/" "Mozilla/5.0 (Windows NT 10.0; Win64; x64) AppleWebKit/537.36 (KHTML, like Gecko) Chrome/117.0.0.0 Safari/537.36"
123.126.50.116 - - [11/Oct/2023:14:08:21 -0400] "GET / HTTP/1.0" 200 7349 "-" "Sogou web spider/4.0(+http://www.sogou.com/docs/help/webmasters.htm#07)"
44.229.187.124 - - [11/Oct/2023:14:20:59 -0400] "GET /img/GradyBrothersLogo.gif HTTP/1.0" 200 7442 "-" "Mozilla/5.0 (Windows NT 6.1; WOW64; rv:14.0) Gecko/20100101 Firefox/13.0.1"
64.225.235.3 - - [11/Oct/2023:16:12:33 -0400] "GET /lib/jquery-3.6.1.js HTTP/1.0" 200 289812 "https://www.gradybros.com/" "Mozilla/5.0 (Windows NT 10.0; Win64; x64) AppleWebKit/537.36 (KHTML, like Gecko) Chrome/117.0.0.0 Safari/537.36 Edg/117.0.2045.60"
192.180.164.107 - - [11/Oct/2023:16:19:53 -0400] "GET /lib/dist/hamburgers.css HTTP/1.0" 200 27398 "https://www.gradybros.com/" "Mozilla/5.0 (Windows NT 10.0; Win64; x64) AppleWebKit/537.36 (KHTML, like Gecko) Chrome/117.0.0.0 Safari/537.36"
192.180.164.107 - - [11/Oct/2023:16:19:53 -0400] "GET /css/main.css HTTP/1.0" 200 79518 "https://www.gradybros.com/" "Mozilla/5.0 (Windows NT 10.0; Win64; x64) AppleWebKit/537.36 (KHTML, like Gecko) Chrome/117.0.0.0 Safari/537.36"
192.180.164.107 - - [11/Oct/2023:16:19:53 -0400] "GET /data/feedback.json HTTP/1.0" 200 46 "https://www.gradybros.com/" "Mozilla/5.0 (Windows NT 10.0; Win64; x64) AppleWebKit/537.36 (KHTML, like Gecko) Chrome/117.0.0.0 Safari/537.36"
192.180.164.107 - - [11/Oct/2023:16:19:56 -0400] "GET /img/icons8-address-96.png HTTP/1.0" 200 2141 "https://www.gradybros.com/" "Mozilla/5.0 (Windows NT 10.0; Win64; x64) AppleWebKit/537.36 (KHTML, like Gecko) Chrome/117.0.0.0 Safari/537.36"
114.119.137.64 - - [11/Oct/2023:16:52:49 -0400] "GET /robots.txt HTTP/1.0" 404 575 "-" "Mozilla/5.0 (compatible;PetalBot;+https://webmaster.petalsearch.com/site/petalbot)"
184.154.139.50 - - [11/Oct/2023:19:50:54 -0400] "GET /lib/jquery-3.6.1.js HTTP/1.0" 200 289812 "http://www.google.com/url?url=www.gradybros.com&yahoo.com" "Mozilla/5.0 (compatible; MSIE 9.0; Windows NT 6.1; WOW64; Trident/6.0)"
184.154.139.50 - - [11/Oct/2023:19:50:55 -0400] "GET /css/main.css HTTP/1.0" 200 79518 "http://www.google.com/url?url=www.gradybros.com&yahoo.com" "Mozilla/5.0 (compatible; MSIE 9.0; Windows NT 6.1; WOW64; Trident/6.0)"
50.104.160.64 - - [11/Oct/2023:22:05:57 -0400] "GET /img/GradyBrothersLogo.gif HTTP/1.0" 200 7442 "https://www.gradybros.com/" "Mozilla/5.0 (Linux; Android 10; K) AppleWebKit/537.36 (KHTML, like Gecko) Chrome/117.0.0.0 Mobile Safari/537.36"
50.104.160.64 - - [11/Oct/2023:22:06:00 -0400] "GET /img/Place_Holder_Asphalt.jpg HTTP/1.0" 200 506131 "https://www.gradybros.com/" "Mozilla/5.0 (Linux; Android 10; K) AppleWebKit/537.36 (KHTML, like Gecko) Chrome/117.0.0.0 Mobile Safari/537.36"
50.104.160.64 - - [11/Oct/2023:22:06:16 -0400] "GET /img/Asphalt_pavement_association_award_2004.jpg HTTP/1.0" 200 2153037 "https://www.gradybros.com/" "Mozilla/5.0 (Linux; Android 10; K) AppleWebKit/537.36 (KHTML, like Gecko) Chrome/117.0.0.0 Mobile Safari/537.36"
50.104.160.64 - - [11/Oct/2023:22:06:00 -0400] "GET /img/ASphalt_paving_contractor_motor_speedway_1995_cropped.png HTTP/1.0" 200 9198774 "https://www.gradybros.com/" "Mozilla/5.0 (Linux; Android 10; K) AppleWebKit/537.36 (KHTML, like Gecko) Chrome/117.0.0.0 Mobile Safari/537.36"
123.126.68.53 - - [11/Oct/2023:06:42:23 -0400] "GET / HTTP/1.0" 200 7349 "-" "Sogou web spider/4.0(+http://www.sogou.com/docs/help/webmasters.htm#07)"
44.192.66.71 - - [11/Oct/2023:06:51:48 -0400] "GET / HTTP/1.0" 200 7349 "-" "Scrapy/2.11.0 (+https://scrapy.org)"
174.194.1.189 - - [11/Oct/2023:07:17:13 -0400] "GET /lib/jquery-3.6.1.js HTTP/1.0" 200 289812 "https://www.gradybros.com/" "Mozilla/5.0 (iPhone; CPU iPhone OS 17_0_3 like Mac OS X) AppleWebKit/605.1.15 (KHTML, like Gecko) Version/17.0.1 Mobile/15E148 Safari/604.1"
174.194.1.189 - - [11/Oct/2023:07:17:13 -0400] "GET /img/icons8-linkedin-256.svg HTTP/1.0" 200 949 "https://www.gradybros.com/" "Mozilla/5.0 (iPhone; CPU iPhone OS 17_0_3 like Mac OS X) AppleWebKit/605.1.15 (KHTML, like Gecko) Version/17.0.1 Mobile/15E148 Safari/604.1"
174.194.1.189 - - [11/Oct/2023:07:17:13 -0400] "GET /img/Place_Holder_Asphalt.jpg HTTP/1.0" 200 506131 "https://www.gradybros.com/" "Mozilla/5.0 (iPhone; CPU iPhone OS 17_0_3 like Mac OS X) AppleWebKit/605.1.15 (KHTML, like Gecko) Version/17.0.1 Mobile/15E148 Safari/604.1"
174.194.1.189 - - [11/Oct/2023:07:17:13 -0400] "GET /img/PlaceHolder.jfif HTTP/1.0" 200 801519 "https://www.gradybros.com/" "Mozilla/5.0 (iPhone; CPU iPhone OS 17_0_3 like Mac OS X) AppleWebKit/605.1.15 (KHTML, like Gecko) Version/17.0.1 Mobile/15E148 Safari/604.1"
12.179.100.234 - - [11/Oct/2023:08:25:58 -0400] "GET /css/main.css HTTP/1.0" 200 79518 "https://www.gradybros.com/" "Mozilla/5.0 (Windows NT 10.0; Win64; x64) AppleWebKit/537.36 (KHTML, like Gecko) Chrome/117.0.0.0 Safari/537.36"
12.179.100.234 - - [11/Oct/2023:08:25:58 -0400] "GET /pages/home/home.html HTTP/1.0" 200 8135 "https://www.gradybros.com/" "Mozilla/5.0 (Windows NT 10.0; Win64; x64) AppleWebKit/537.36 (KHTML, like Gecko) Chrome/117.0.0.0 Safari/537.36"
12.179.100.234 - - [11/Oct/2023:08:25:58 -0400] "GET /img/Asphalt_pavement_association_award_2004.jpg HTTP/1.0" 200 2153037 "https://www.gradybros.com/" "Mozilla/5.0 (Windows NT 10.0; Win64; x64) AppleWebKit/537.36 (KHTML, like Gecko) Chrome/117.0.0.0 Safari/537.36"
12.179.100.234 - - [11/Oct/2023:08:26:22 -0400] "GET /pages/work/work.html HTTP/1.0" 200 5964 "https://www.gradybros.com/" "Mozilla/5.0 (Windows NT 10.0; Win64; x64) AppleWebKit/537.36 (KHTML, like Gecko) Chrome/117.0.0.0 Safari/537.36"
12.179.100.234 - - [11/Oct/2023:08:26:22 -0400] "GET /img/WestFieldSpring_2022.jpeg HTTP/1.0" 200 696946 "https://www.gradybros.com/" "Mozilla/5.0 (Windows NT 10.0; Win64; x64) AppleWebKit/537.36 (KHTML, like Gecko) Chrome/117.0.0.0 Safari/537.36"
12.179.100.234 - - [11/Oct/2023:08:26:22 -0400] "GET /img/Westfield_875.jpeg HTTP/1.0" 200 820141 "https://www.gradybros.com/" "Mozilla/5.0 (Windows NT 10.0; Win64; x64) AppleWebKit/537.36 (KHTML, like Gecko) Chrome/117.0.0.0 Safari/537.36"
12.179.100.234 - - [11/Oct/2023:10:44:17 -0400] "POST /AutoDiscover/autodiscover.xml HTTP/1.0" 404 575 "-" "Microsoft Office/16.0 (Windows NT 10.0; Microsoft Excel 16.0.16827; Pro)"
12.179.100.234 - - [11/Oct/2023:13:25:27 -0400] "POST /AutoDiscover/autodiscover.xml HTTP/1.0" 404 575 "-" "Microsoft Office/16.0 (Windows NT 10.0; Microsoft Excel 16.0.16827; Pro)"
12.179.100.234 - - [11/Oct/2023:13:51:23 -0400] "GET /app/model.js HTTP/1.0" 200 934 "https://www.gradybros.com/" "Mozilla/5.0 (Windows NT 10.0; Win64; x64) AppleWebKit/537.36 (KHTML, like Gecko) Chrome/117.0.0.0 Safari/537.36"
12.179.100.234 - - [11/Oct/2023:13:51:24 -0400] "GET /pages/home/home.html HTTP/1.0" 200 8135 "https://www.gradybros.com/" "Mozilla/5.0 (Windows NT 10.0; Win64; x64) AppleWebKit/537.36 (KHTML, like Gecko) Chrome/117.0.0.0 Safari/537.36"
12.179.100.234 - - [11/Oct/2023:13:51:25 -0400] "GET /img/Place_Holder_Asphalt.jpg HTTP/1.0" 200 506131 "https://www.gradybros.com/" "Mozilla/5.0 (Windows NT 10.0; Win64; x64) AppleWebKit/537.36 (KHTML, like Gecko) Chrome/117.0.0.0 Safari/537.36"
12.179.100.234 - - [11/Oct/2023:13:51:47 -0400] "GET /img/icons8-shake-phone-90.png HTTP/1.0" 200 1998 "https://www.gradybros.com/" "Mozilla/5.0 (Windows NT 10.0; Win64; x64) AppleWebKit/537.36 (KHTML, like Gecko) Chrome/117.0.0.0 Safari/537.36"
123.126.68.150 - - [11/Oct/2023:14:59:33 -0400] "GET / HTTP/1.0" 200 7349 "-" "Sogou web spider/4.0(+http://www.sogou.com/docs/help/webmasters.htm#07)"
64.225.235.3 - - [11/Oct/2023:16:12:33 -0400] "GET / HTTP/1.0" 200 7349 "https://www.google.com/" "Mozilla/5.0 (Windows NT 10.0; Win64; x64) AppleWebKit/537.36 (KHTML, like Gecko) Chrome/117.0.0.0 Safari/537.36 Edg/117.0.2045.60"
64.225.235.3 - - [11/Oct/2023:16:12:33 -0400] "GET /app/model.js HTTP/1.0" 200 934 "https://www.gradybros.com/" "Mozilla/5.0 (Windows NT 10.0; Win64; x64) AppleWebKit/537.36 (KHTML, like Gecko) Chrome/117.0.0.0 Safari/537.36 Edg/117.0.2045.60"
64.225.235.3 - - [11/Oct/2023:16:12:34 -0400] "GET /img/GradyBrothersLogo.gif HTTP/1.0" 200 7442 "https://www.gradybros.com/" "Mozilla/5.0 (Windows NT 10.0; Win64; x64) AppleWebKit/537.36 (KHTML, like Gecko) Chrome/117.0.0.0 Safari/537.36 Edg/117.0.2045.60"
64.225.235.3 - - [11/Oct/2023:16:12:34 -0400] "GET /data/reviews.json HTTP/1.0" 200 1349 "https://www.gradybros.com/" "Mozilla/5.0 (Windows NT 10.0; Win64; x64) AppleWebKit/537.36 (KHTML, like Gecko) Chrome/117.0.0.0 Safari/537.36 Edg/117.0.2045.60"
192.180.164.107 - - [11/Oct/2023:16:19:53 -0400] "GET /img/icons8-linkedin-256.svg HTTP/1.0" 200 949 "https://www.gradybros.com/" "Mozilla/5.0 (Windows NT 10.0; Win64; x64) AppleWebKit/537.36 (KHTML, like Gecko) Chrome/117.0.0.0 Safari/537.36"
192.180.164.107 - - [11/Oct/2023:16:19:53 -0400] "GET /img/Place_Holder_Asphalt.jpg HTTP/1.0" 200 506131 "https://www.gradybros.com/" "Mozilla/5.0 (Windows NT 10.0; Win64; x64) AppleWebKit/537.36 (KHTML, like Gecko) Chrome/117.0.0.0 Safari/537.36"
192.180.164.107 - - [11/Oct/2023:16:19:53 -0400] "GET /img/ASphalt_paving_contractor_motor_speedway_1995_cropped.png HTTP/1.0" 200 9198774 "https://www.gradybros.com/" "Mozilla/5.0 (Windows NT 10.0; Win64; x64) AppleWebKit/537.36 (KHTML, like Gecko) Chrome/117.0.0.0 Safari/537.36"
184.154.139.50 - - [11/Oct/2023:19:50:51 -0400] "GET / HTTP/1.0" 200 7349 "http://www.google.com/url?url=www.gradybros.com&yahoo.com" "Mozilla/5.0 (compatible; MSIE 9.0; Windows NT 6.1; WOW64; Trident/6.0)"
66.249.66.7 - - [11/Oct/2023:20:21:00 -0400] "GET /ads.txt HTTP/1.0" 404 575 "-" "Mozilla/5.0 (compatible; Googlebot/2.1; +http://www.google.com/bot.html)"
50.104.160.64 - - [11/Oct/2023:22:05:57 -0400] "GET /css/main.css HTTP/1.0" 200 79518 "https://www.gradybros.com/" "Mozilla/5.0 (Linux; Android 10; K) AppleWebKit/537.36 (KHTML, like Gecko) Chrome/117.0.0.0 Mobile Safari/537.36"
50.104.160.64 - - [11/Oct/2023:22:05:57 -0400] "GET /lib/jquery-3.6.1.js HTTP/1.0" 200 289812 "https://www.gradybros.com/" "Mozilla/5.0 (Linux; Android 10; K) AppleWebKit/537.36 (KHTML, like Gecko) Chrome/117.0.0.0 Mobile Safari/537.36"
50.104.160.64 - - [11/Oct/2023:22:05:58 -0400] "GET /data/work.json HTTP/1.0" 200 1222 "https://www.gradybros.com/" "Mozilla/5.0 (Linux; Android 10; K) AppleWebKit/537.36 (KHTML, like Gecko) Chrome/117.0.0.0 Mobile Safari/537.36"
50.104.160.64 - - [11/Oct/2023:22:05:58 -0400] "GET /img/Paving_crew_1995.jpg HTTP/1.0" 200 1925367 "https://www.gradybros.com/" "Mozilla/5.0 (Linux; Android 10; K) AppleWebKit/537.36 (KHTML, like Gecko) Chrome/117.0.0.0 Mobile Safari/537.36"
205.210.31.223 - - [11/Oct/2023:04:12:38 -0400] "GET / HTTP/1.0" 200 7349 "-" "Expanse, a Palo Alto Networks company, searches across the global IPv4 space multiple times per day to identify customers&#39; presences on the Internet. If you would like to be excluded from our scans, please send IP addresses/domains to: scaninfo@paloaltonetworks.com"
174.194.1.189 - - [11/Oct/2023:07:17:13 -0400] "GET / HTTP/1.0" 200 7349 "https://www.google.com/" "Mozilla/5.0 (iPhone; CPU iPhone OS 17_0_3 like Mac OS X) AppleWebKit/605.1.15 (KHTML, like Gecko) Version/17.0.1 Mobile/15E148 Safari/604.1"
174.194.1.189 - - [11/Oct/2023:07:17:13 -0400] "GET /img/ASphalt_paving_contractor_motor_speedway_1995_cropped.png HTTP/1.0" 200 9198774 "https://www.gradybros.com/" "Mozilla/5.0 (iPhone; CPU iPhone OS 17_0_3 like Mac OS X) AppleWebKit/605.1.15 (KHTML, like Gecko) Version/17.0.1 Mobile/15E148 Safari/604.1"
174.194.1.189 - - [11/Oct/2023:07:17:13 -0400] "GET /img/Distinguish_partner_award.png HTTP/1.0" 200 10367944 "https://www.gradybros.com/" "Mozilla/5.0 (iPhone; CPU iPhone OS 17_0_3 like Mac OS X) AppleWebKit/605.1.15 (KHTML, like Gecko) Version/17.0.1 Mobile/15E148 Safari/604.1"
12.179.100.234 - - [11/Oct/2023:08:25:58 -0400] "GET /img/icons8-linkedin-256_copy.svg HTTP/1.0" 200 952 "https://www.gradybros.com/" "Mozilla/5.0 (Windows NT 10.0; Win64; x64) AppleWebKit/537.36 (KHTML, like Gecko) Chrome/117.0.0.0 Safari/537.36"
12.179.100.234 - - [11/Oct/2023:08:25:58 -0400] "GET /app/model.js HTTP/1.0" 200 934 "https://www.gradybros.com/" "Mozilla/5.0 (Windows NT 10.0; Win64; x64) AppleWebKit/537.36 (KHTML, like Gecko) Chrome/117.0.0.0 Safari/537.36"
54.186.164.14 - - [11/Oct/2023:08:51:25 -0400] "GET / HTTP/1.0" 200 7349 "-" "Mozilla/5.0 (Macintosh; Intel Mac OS X 13_3_1) AppleWebKit/537.36 (KHTML, like Gecko) Chrome/113.0.0.0 Safari/537.36"
66.249.66.1 - - [11/Oct/2023:11:45:59 -0400] "GET /ads.txt HTTP/1.0" 404 575 "-" "Mozilla/5.0 (compatible; Googlebot/2.1; +http://www.google.com/bot.html)"
12.179.100.234 - - [11/Oct/2023:12:36:34 -0400] "POST /AutoDiscover/autodiscover.xml HTTP/1.0" 404 575 "-" "Microsoft Office/16.0 (Windows NT 10.0; Microsoft Excel 16.0.16827; Pro)"
12.179.100.234 - - [11/Oct/2023:13:51:24 -0400] "GET /data/feedback.json HTTP/1.0" 200 46 "https://www.gradybros.com/" "Mozilla/5.0 (Windows NT 10.0; Win64; x64) AppleWebKit/537.36 (KHTML, like Gecko) Chrome/117.0.0.0 Safari/537.36"
12.179.100.234 - - [11/Oct/2023:13:51:25 -0400] "GET /img/Distinguish_partner_award.png HTTP/1.0" 200 10367944 "https://www.gradybros.com/" "Mozilla/5.0 (Windows NT 10.0; Win64; x64) AppleWebKit/537.36 (KHTML, like Gecko) Chrome/117.0.0.0 Safari/537.36"
12.179.100.234 - - [11/Oct/2023:13:51:47 -0400] "GET /img/icons8-mail-96.png HTTP/1.0" 200 1914 "https://www.gradybros.com/" "Mozilla/5.0 (Windows NT 10.0; Win64; x64) AppleWebKit/537.36 (KHTML, like Gecko) Chrome/117.0.0.0 Safari/537.36"
12.179.100.234 - - [11/Oct/2023:13:51:53 -0400] "GET /img/Paving_crew_1995.jpg HTTP/1.0" 200 1925367 "https://www.gradybros.com/" "Mozilla/5.0 (Windows NT 10.0; Win64; x64) AppleWebKit/537.36 (KHTML, like Gecko) Chrome/117.0.0.0 Safari/537.36"
64.225.235.3 - - [11/Oct/2023:16:12:34 -0400] "GET /data/work.json HTTP/1.0" 200 1222 "https://www.gradybros.com/" "Mozilla/5.0 (Windows NT 10.0; Win64; x64) AppleWebKit/537.36 (KHTML, like Gecko) Chrome/117.0.0.0 Safari/537.36 Edg/117.0.2045.60"
64.225.235.3 - - [11/Oct/2023:16:12:41 -0400] "GET /img/Asphalt_pavement_association_award_2004.jpg HTTP/1.0" 200 2153037 "https://www.gradybros.com/" "Mozilla/5.0 (Windows NT 10.0; Win64; x64) AppleWebKit/537.36 (KHTML, like Gecko) Chrome/117.0.0.0 Safari/537.36 Edg/117.0.2045.60"
192.180.164.107 - - [11/Oct/2023:16:19:53 -0400] "GET /lib/jquery-3.6.1.js HTTP/1.0" 200 289812 "https://www.gradybros.com/" "Mozilla/5.0 (Windows NT 10.0; Win64; x64) AppleWebKit/537.36 (KHTML, like Gecko) Chrome/117.0.0.0 Safari/537.36"
192.180.164.107 - - [11/Oct/2023:16:19:53 -0400] "GET /pages/home/home.html HTTP/1.0" 200 8135 "https://www.gradybros.com/" "Mozilla/5.0 (Windows NT 10.0; Win64; x64) AppleWebKit/537.36 (KHTML, like Gecko) Chrome/117.0.0.0 Safari/537.36"
192.180.164.107 - - [11/Oct/2023:16:19:53 -0400] "GET /img/Paving_at_indianapolis_motor_speedway.jpg HTTP/1.0" 200 2391548 "https://www.gradybros.com/" "Mozilla/5.0 (Windows NT 10.0; Win64; x64) AppleWebKit/537.36 (KHTML, like Gecko) Chrome/117.0.0.0 Safari/537.36"
192.180.164.107 - - [11/Oct/2023:16:19:53 -0400] "GET /img/Distinguish_partner_award.png HTTP/1.0" 200 10367944 "https://www.gradybros.com/" "Mozilla/5.0 (Windows NT 10.0; Win64; x64) AppleWebKit/537.36 (KHTML, like Gecko) Chrome/117.0.0.0 Safari/537.36"
184.154.139.50 - - [11/Oct/2023:19:50:53 -0400] "GET /lib/dist/hamburgers.css HTTP/1.0" 200 27398 "http://www.google.com/url?url=www.gradybros.com&yahoo.com" "Mozilla/5.0 (compatible; MSIE 9.0; Windows NT 6.1; WOW64; Trident/6.0)"
50.104.160.64 - - [11/Oct/2023:22:05:58 -0400] "GET /pages/home/home.html HTTP/1.0" 200 8135 "https://www.gradybros.com/" "Mozilla/5.0 (Linux; Android 10; K) AppleWebKit/537.36 (KHTML, like Gecko) Chrome/117.0.0.0 Mobile Safari/537.36"
123.126.50.74 - - [11/Oct/2023:03:43:17 -0400] "GET / HTTP/1.0" 200 7349 "-" "Sogou web spider/4.0(+http://www.sogou.com/docs/help/webmasters.htm#07)"
44.192.66.71 - - [11/Oct/2023:06:51:23 -0400] "GET /contact_us.html HTTP/1.0" 404 575 "-" "Scrapy/2.11.0 (+https://scrapy.org)"
12.179.100.234 - - [11/Oct/2023:08:25:58 -0400] "GET /data/feedback.json HTTP/1.0" 200 46 "https://www.gradybros.com/" "Mozilla/5.0 (Windows NT 10.0; Win64; x64) AppleWebKit/537.36 (KHTML, like Gecko) Chrome/117.0.0.0 Safari/537.36"
12.179.100.234 - - [11/Oct/2023:08:25:58 -0400] "GET /img/PlaceHolder.jfif HTTP/1.0" 200 801519 "https://www.gradybros.com/" "Mozilla/5.0 (Windows NT 10.0; Win64; x64) AppleWebKit/537.36 (KHTML, like Gecko) Chrome/117.0.0.0 Safari/537.36"
12.179.100.234 - - [11/Oct/2023:08:25:58 -0400] "GET /img/Place_Holder_Asphalt.jpg HTTP/1.0" 200 506131 "https://www.gradybros.com/" "Mozilla/5.0 (Windows NT 10.0; Win64; x64) AppleWebKit/537.36 (KHTML, like Gecko) Chrome/117.0.0.0 Safari/537.36"
12.179.100.234 - - [11/Oct/2023:12:11:49 -0400] "POST /AutoDiscover/autodiscover.xml HTTP/1.0" 404 575 "-" "Microsoft Office/16.0 (Windows NT 10.0; Microsoft Word 16.0.16827; Pro)"
12.179.100.234 - - [11/Oct/2023:13:51:22 -0400] "GET /img/icons8-linkedin-256.svg HTTP/1.0" 200 949 "https://www.gradybros.com/" "Mozilla/5.0 (Windows NT 10.0; Win64; x64) AppleWebKit/537.36 (KHTML, like Gecko) Chrome/117.0.0.0 Safari/537.36"
12.179.100.234 - - [11/Oct/2023:13:51:22 -0400] "GET /img/icons8-linkedin-256_copy.svg HTTP/1.0" 200 952 "https://www.gradybros.com/" "Mozilla/5.0 (Windows NT 10.0; Win64; x64) AppleWebKit/537.36 (KHTML, like Gecko) Chrome/117.0.0.0 Safari/537.36"
12.179.100.234 - - [11/Oct/2023:13:51:22 -0400] "GET /app/app.js HTTP/1.0" 200 8575 "https://www.gradybros.com/" "Mozilla/5.0 (Windows NT 10.0; Win64; x64) AppleWebKit/537.36 (KHTML, like Gecko) Chrome/117.0.0.0 Safari/537.36"
12.179.100.234 - - [11/Oct/2023:13:51:25 -0400] "GET /img/Asphalt_pavement_association_award_2004.jpg HTTP/1.0" 200 2153037 "https://www.gradybros.com/" "Mozilla/5.0 (Windows NT 10.0; Win64; x64) AppleWebKit/537.36 (KHTML, like Gecko) Chrome/117.0.0.0 Safari/537.36"
12.179.100.234 - - [11/Oct/2023:13:51:25 -0400] "GET /img/Quality_pavement_award_asphalt_pavement_association_of_indiana.png HTTP/1.0" 200 5857608 "https://www.gradybros.com/" "Mozilla/5.0 (Windows NT 10.0; Win64; x64) AppleWebKit/537.36 (KHTML, like Gecko) Chrome/117.0.0.0 Safari/537.36"
12.179.100.234 - - [11/Oct/2023:13:51:53 -0400] "GET /pages/aboutus/aboutus.html HTTP/1.0" 200 4336 "https://www.gradybros.com/" "Mozilla/5.0 (Windows NT 10.0; Win64; x64) AppleWebKit/537.36 (KHTML, like Gecko) Chrome/117.0.0.0 Safari/537.36"
12.179.100.234 - - [11/Oct/2023:13:51:55 -0400] "GET /img/16thStreetMononTrailSummer.jpeg HTTP/1.0" 200 774089 "https://www.gradybros.com/" "Mozilla/5.0 (Windows NT 10.0; Win64; x64) AppleWebKit/537.36 (KHTML, like Gecko) Chrome/117.0.0.0 Safari/537.36"
12.179.100.234 - - [11/Oct/2023:13:51:55 -0400] "GET /img/Westfield-April2022.jpeg HTTP/1.0" 200 707969 "https://www.gradybros.com/" "Mozilla/5.0 (Windows NT 10.0; Win64; x64) AppleWebKit/537.36 (KHTML, like Gecko) Chrome/117.0.0.0 Safari/537.36"
64.225.235.3 - - [11/Oct/2023:16:12:35 -0400] "GET /img/Place_Holder_Asphalt.jpg HTTP/1.0" 200 506131 "https://www.gradybros.com/" "Mozilla/5.0 (Windows NT 10.0; Win64; x64) AppleWebKit/537.36 (KHTML, like Gecko) Chrome/117.0.0.0 Safari/537.36 Edg/117.0.2045.60"
64.225.235.3 - - [11/Oct/2023:16:12:34 -0400] "GET /img/Paving_at_indianapolis_motor_speedway.jpg HTTP/1.0" 200 2391548 "https://www.gradybros.com/" "Mozilla/5.0 (Windows NT 10.0; Win64; x64) AppleWebKit/537.36 (KHTML, like Gecko) Chrome/117.0.0.0 Safari/537.36 Edg/117.0.2045.60"
64.225.235.3 - - [11/Oct/2023:16:12:36 -0400] "GET /img/Quality_pavement_award_asphalt_pavement_association_of_indiana.png HTTP/1.0" 200 5857608 "https://www.gradybros.com/" "Mozilla/5.0 (Windows NT 10.0; Win64; x64) AppleWebKit/537.36 (KHTML, like Gecko) Chrome/117.0.0.0 Safari/537.36 Edg/117.0.2045.60"
192.180.164.107 - - [11/Oct/2023:16:19:53 -0400] "GET / HTTP/1.0" 200 7349 "https://www.google.com/" "Mozilla/5.0 (Windows NT 10.0; Win64; x64) AppleWebKit/537.36 (KHTML, like Gecko) Chrome/117.0.0.0 Safari/537.36"
192.180.164.107 - - [11/Oct/2023:16:19:53 -0400] "GET /img/icons8-linkedin-256_copy.svg HTTP/1.0" 200 952 "https://www.gradybros.com/" "Mozilla/5.0 (Windows NT 10.0; Win64; x64) AppleWebKit/537.36 (KHTML, like Gecko) Chrome/117.0.0.0 Safari/537.36"
192.180.164.107 - - [11/Oct/2023:16:19:53 -0400] "GET /data/work.json HTTP/1.0" 200 1222 "https://www.gradybros.com/" "Mozilla/5.0 (Windows NT 10.0; Win64; x64) AppleWebKit/537.36 (KHTML, like Gecko) Chrome/117.0.0.0 Safari/537.36"
184.154.139.50 - - [11/Oct/2023:19:50:55 -0400] "GET /app/model.js HTTP/1.0" 200 934 "-" "SiteLockSpider [en] (WinNT; I ;Nav)"
74.125.213.39 - - [11/Oct/2023:20:35:32 -0400] "GET /.well-known/traffic-advice HTTP/1.0" 404 575 "-" "Chrome Privacy Preserving Prefetch Proxy"
74.125.213.40 - - [11/Oct/2023:20:35:33 -0400] "GET /.well-known/traffic-advice HTTP/1.0" 404 575 "-" "Chrome Privacy Preserving Prefetch Proxy"
50.104.160.64 - - [11/Oct/2023:22:05:58 -0400] "GET /data/feedback.json HTTP/1.0" 200 46 "https://www.gradybros.com/" "Mozilla/5.0 (Linux; Android 10; K) AppleWebKit/537.36 (KHTML, like Gecko) Chrome/117.0.0.0 Mobile Safari/537.36"
50.104.160.64 - - [11/Oct/2023:22:05:58 -0400] "GET /data/reviews.json HTTP/1.0" 200 1349 "https://www.gradybros.com/" "Mozilla/5.0 (Linux; Android 10; K) AppleWebKit/537.36 (KHTML, like Gecko) Chrome/117.0.0.0 Mobile Safari/537.36"
111.202.101.51 - - [11/Oct/2023:22:35:31 -0400] "GET / HTTP/1.0" 200 7349 "-" "Sogou web spider/4.0(+http://www.sogou.com/docs/help/webmasters.htm#07)"
114.119.155.205 - - [11/Oct/2023:03:36:09 -0400] "GET /robots.txt HTTP/1.0" 404 575 "-" "Mozilla/5.0 (compatible;PetalBot;+https://webmaster.petalsearch.com/site/petalbot)"
174.194.1.189 - - [11/Oct/2023:07:17:13 -0400] "GET /app/app.js HTTP/1.0" 200 8575 "https://www.gradybros.com/" "Mozilla/5.0 (iPhone; CPU iPhone OS 17_0_3 like Mac OS X) AppleWebKit/605.1.15 (KHTML, like Gecko) Version/17.0.1 Mobile/15E148 Safari/604.1"
174.194.1.189 - - [11/Oct/2023:07:17:13 -0400] "GET /app/model.js HTTP/1.0" 200 934 "https://www.gradybros.com/" "Mozilla/5.0 (iPhone; CPU iPhone OS 17_0_3 like Mac OS X) AppleWebKit/605.1.15 (KHTML, like Gecko) Version/17.0.1 Mobile/15E148 Safari/604.1"
174.194.1.189 - - [11/Oct/2023:07:17:13 -0400] "GET /img/GradyBrothersLogo.gif HTTP/1.0" 200 7442 "https://www.gradybros.com/" "Mozilla/5.0 (iPhone; CPU iPhone OS 17_0_3 like Mac OS X) AppleWebKit/605.1.15 (KHTML, like Gecko) Version/17.0.1 Mobile/15E148 Safari/604.1"
174.194.1.189 - - [11/Oct/2023:07:17:13 -0400] "GET /data/work.json HTTP/1.0" 200 1222 "https://www.gradybros.com/" "Mozilla/5.0 (iPhone; CPU iPhone OS 17_0_3 like Mac OS X) AppleWebKit/605.1.15 (KHTML, like Gecko) Version/17.0.1 Mobile/15E148 Safari/604.1"
174.194.1.189 - - [11/Oct/2023:07:17:13 -0400] "GET /data/feedback.json HTTP/1.0" 200 46 "https://www.gradybros.com/" "Mozilla/5.0 (iPhone; CPU iPhone OS 17_0_3 like Mac OS X) AppleWebKit/605.1.15 (KHTML, like Gecko) Version/17.0.1 Mobile/15E148 Safari/604.1"
174.194.1.189 - - [11/Oct/2023:07:17:13 -0400] "GET /pages/home/home.html HTTP/1.0" 200 8135 "https://www.gradybros.com/" "Mozilla/5.0 (iPhone; CPU iPhone OS 17_0_3 like Mac OS X) AppleWebKit/605.1.15 (KHTML, like Gecko) Version/17.0.1 Mobile/15E148 Safari/604.1"
174.194.1.189 - - [11/Oct/2023:07:17:13 -0400] "GET /img/Quality_pavement_award_asphalt_pavement_association_of_indiana.png HTTP/1.0" 200 5857608 "https://www.gradybros.com/" "Mozilla/5.0 (iPhone; CPU iPhone OS 17_0_3 like Mac OS X) AppleWebKit/605.1.15 (KHTML, like Gecko) Version/17.0.1 Mobile/15E148 Safari/604.1"
12.179.100.234 - - [11/Oct/2023:08:25:58 -0400] "GET /lib/dist/hamburgers.css HTTP/1.0" 200 27398 "https://www.gradybros.com/" "Mozilla/5.0 (Windows NT 10.0; Win64; x64) AppleWebKit/537.36 (KHTML, like Gecko) Chrome/117.0.0.0 Safari/537.36"
12.179.100.234 - - [11/Oct/2023:08:25:58 -0400] "GET /app/app.js HTTP/1.0" 200 8575 "https://www.gradybros.com/" "Mozilla/5.0 (Windows NT 10.0; Win64; x64) AppleWebKit/537.36 (KHTML, like Gecko) Chrome/117.0.0.0 Safari/537.36"
12.179.100.234 - - [11/Oct/2023:08:25:58 -0400] "GET /img/Paving_at_indianapolis_motor_speedway.jpg HTTP/1.0" 200 2391548 "https://www.gradybros.com/" "Mozilla/5.0 (Windows NT 10.0; Win64; x64) AppleWebKit/537.36 (KHTML, like Gecko) Chrome/117.0.0.0 Safari/537.36"
12.179.100.234 - - [11/Oct/2023:08:26:06 -0400] "GET /img/icons8-shake-phone-90.png HTTP/1.0" 200 1998 "https://www.gradybros.com/" "Mozilla/5.0 (Windows NT 10.0; Win64; x64) AppleWebKit/537.36 (KHTML, like Gecko) Chrome/117.0.0.0 Safari/537.36"
12.179.100.234 - - [11/Oct/2023:08:26:06 -0400] "GET /img/icons8-mail-96.png HTTP/1.0" 200 1914 "https://www.gradybros.com/" "Mozilla/5.0 (Windows NT 10.0; Win64; x64) AppleWebKit/537.36 (KHTML, like Gecko) Chrome/117.0.0.0 Safari/537.36"
12.179.100.234 - - [11/Oct/2023:08:26:06 -0400] "GET /img/icons8-address-96.png HTTP/1.0" 200 2141 "https://www.gradybros.com/" "Mozilla/5.0 (Windows NT 10.0; Win64; x64) AppleWebKit/537.36 (KHTML, like Gecko) Chrome/117.0.0.0 Safari/537.36"
12.179.100.234 - - [11/Oct/2023:13:51:23 -0400] "GET /lib/dist/hamburgers.css HTTP/1.0" 200 27398 "https://www.gradybros.com/" "Mozilla/5.0 (Windows NT 10.0; Win64; x64) AppleWebKit/537.36 (KHTML, like Gecko) Chrome/117.0.0.0 Safari/537.36"
12.179.100.234 - - [11/Oct/2023:13:51:22 -0400] "GET /lib/jquery-3.6.1.js HTTP/1.0" 200 289812 "https://www.gradybros.com/" "Mozilla/5.0 (Windows NT 10.0; Win64; x64) AppleWebKit/537.36 (KHTML, like Gecko) Chrome/117.0.0.0 Safari/537.36"
12.179.100.234 - - [11/Oct/2023:13:51:24 -0400] "GET /data/reviews.json HTTP/1.0" 200 1349 "https://www.gradybros.com/" "Mozilla/5.0 (Windows NT 10.0; Win64; x64) AppleWebKit/537.36 (KHTML, like Gecko) Chrome/117.0.0.0 Safari/537.36"
12.179.100.234 - - [11/Oct/2023:13:51:55 -0400] "GET /img/Ivy_tech_Pavement_thumbnail.png HTTP/1.0" 200 3141572 "https://www.gradybros.com/" "Mozilla/5.0 (Windows NT 10.0; Win64; x64) AppleWebKit/537.36 (KHTML, like Gecko) Chrome/117.0.0.0 Safari/537.36"
64.225.235.3 - - [11/Oct/2023:16:12:34 -0400] "GET /app/app.js HTTP/1.0" 200 8575 "https://www.gradybros.com/" "Mozilla/5.0 (Windows NT 10.0; Win64; x64) AppleWebKit/537.36 (KHTML, like Gecko) Chrome/117.0.0.0 Safari/537.36 Edg/117.0.2045.60"
64.225.235.3 - - [11/Oct/2023:16:12:34 -0400] "GET /img/icons8-linkedin-256_copy.svg HTTP/1.0" 200 952 "https://www.gradybros.com/" "Mozilla/5.0 (Windows NT 10.0; Win64; x64) AppleWebKit/537.36 (KHTML, like Gecko) Chrome/117.0.0.0 Safari/537.36 Edg/117.0.2045.60"
192.180.164.107 - - [11/Oct/2023:16:19:53 -0400] "GET /app/model.js HTTP/1.0" 200 934 "https://www.gradybros.com/" "Mozilla/5.0 (Windows NT 10.0; Win64; x64) AppleWebKit/537.36 (KHTML, like Gecko) Chrome/117.0.0.0 Safari/537.36"
192.180.164.107 - - [11/Oct/2023:16:19:55 -0400] "GET /pages/contact/contact.html HTTP/1.0" 200 6051 "https://www.gradybros.com/" "Mozilla/5.0 (Windows NT 10.0; Win64; x64) AppleWebKit/537.36 (KHTML, like Gecko) Chrome/117.0.0.0 Safari/537.36"
72.14.201.205 - - [11/Oct/2023:20:35:37 -0400] "GET / HTTP/1.0" 200 7349 "https://www.google.com/" "Mozilla/5.0 (Linux; Android 10; K) AppleWebKit/537.36 (KHTML, like Gecko) Chrome/117.0.0.0 Mobile Safari/537.36"
137.226.113.44 - - [11/Oct/2023:21:59:24 -0400] "GET / HTTP/1.0" 200 7349 "-" "Mozilla/5.0 researchscan.comsys.rwth-aachen.de"
50.104.160.64 - - [11/Oct/2023:22:05:57 -0400] "GET /app/model.js HTTP/1.0" 200 934 "https://www.gradybros.com/" "Mozilla/5.0 (Linux; Android 10; K) AppleWebKit/537.36 (KHTML, like Gecko) Chrome/117.0.0.0 Mobile Safari/537.36"
50.104.160.64 - - [11/Oct/2023:22:05:58 -0400] "GET /app/app.js HTTP/1.0" 200 8575 "https://www.gradybros.com/" "Mozilla/5.0 (Linux; Android 10; K) AppleWebKit/537.36 (KHTML, like Gecko) Chrome/117.0.0.0 Mobile Safari/537.36"
66.249.66.5 - - [11/Oct/2023:22:43:32 -0400] "GET /robots.txt HTTP/1.0" 404 575 "-" "Mozilla/5.0 (compatible; Googlebot/2.1; +http://www.google.com/bot.html)"
58.250.125.153 - - [11/Oct/2023:02:24:53 -0400] "GET / HTTP/1.0" 200 7349 "-" "Sogou web spider/4.0(+http://www.sogou.com/docs/help/webmasters.htm#07)"
138.197.168.220 - - [11/Oct/2023:06:55:34 -0400] "GET / HTTP/1.0" 200 7349 "-" "Mozilla/5.0 (X11; Linux x86_64) AppleWebKit/537.36 (KHTML, like Gecko) Chrome/108.0.0.0 Safari/537.36"
174.194.1.189 - - [11/Oct/2023:07:17:13 -0400] "GET /lib/dist/hamburgers.css HTTP/1.0" 200 27398 "https://www.gradybros.com/" "Mozilla/5.0 (iPhone; CPU iPhone OS 17_0_3 like Mac OS X) AppleWebKit/605.1.15 (KHTML, like Gecko) Version/17.0.1 Mobile/15E148 Safari/604.1"
12.179.100.234 - - [11/Oct/2023:08:23:59 -0400] "POST /AutoDiscover/autodiscover.xml HTTP/1.0" 404 575 "-" "Microsoft Office/16.0 (Windows NT 10.0; Microsoft Excel 16.0.16827; Pro)"
12.179.100.234 - - [11/Oct/2023:08:25:58 -0400] "GET /data/reviews.json HTTP/1.0" 200 1349 "https://www.gradybros.com/" "Mozilla/5.0 (Windows NT 10.0; Win64; x64) AppleWebKit/537.36 (KHTML, like Gecko) Chrome/117.0.0.0 Safari/537.36"
12.179.100.234 - - [11/Oct/2023:08:26:12 -0400] "GET /pages/feedback/feedback.html HTTP/1.0" 200 7510 "https://www.gradybros.com/" "Mozilla/5.0 (Windows NT 10.0; Win64; x64) AppleWebKit/537.36 (KHTML, like Gecko) Chrome/117.0.0.0 Safari/537.36"
12.179.100.234 - - [11/Oct/2023:08:26:15 -0400] "GET /pages/aboutus/aboutus.html HTTP/1.0" 200 4336 "https://www.gradybros.com/" "Mozilla/5.0 (Windows NT 10.0; Win64; x64) AppleWebKit/537.36 (KHTML, like Gecko) Chrome/117.0.0.0 Safari/537.36"
12.179.100.234 - - [11/Oct/2023:08:26:15 -0400] "GET /img/Paving_crew_1995.jpg HTTP/1.0" 200 1925367 "https://www.gradybros.com/" "Mozilla/5.0 (Windows NT 10.0; Win64; x64) AppleWebKit/537.36 (KHTML, like Gecko) Chrome/117.0.0.0 Safari/537.36"
12.179.100.234 - - [11/Oct/2023:08:26:15 -0400] "GET /img/Business_Journal_1933.jpg HTTP/1.0" 200 1433820 "https://www.gradybros.com/" "Mozilla/5.0 (Windows NT 10.0; Win64; x64) AppleWebKit/537.36 (KHTML, like Gecko) Chrome/117.0.0.0 Safari/537.36"
12.179.100.234 - - [11/Oct/2023:08:26:22 -0400] "GET /img/Westfield-April2022.jpeg HTTP/1.0" 200 707969 "https://www.gradybros.com/" "Mozilla/5.0 (Windows NT 10.0; Win64; x64) AppleWebKit/537.36 (KHTML, like Gecko) Chrome/117.0.0.0 Safari/537.36"
12.179.100.234 - - [11/Oct/2023:08:26:22 -0400] "GET /img/16thStreetMononTrailSummer.jpeg HTTP/1.0" 200 774089 "https://www.gradybros.com/" "Mozilla/5.0 (Windows NT 10.0; Win64; x64) AppleWebKit/537.36 (KHTML, like Gecko) Chrome/117.0.0.0 Safari/537.36"
12.179.100.234 - - [11/Oct/2023:08:26:22 -0400] "GET /img/Ivy_tech_Pavement_thumbnail.png HTTP/1.0" 200 3141572 "https://www.gradybros.com/" "Mozilla/5.0 (Windows NT 10.0; Win64; x64) AppleWebKit/537.36 (KHTML, like Gecko) Chrome/117.0.0.0 Safari/537.36"
123.125.109.88 - - [11/Oct/2023:10:25:30 -0400] "GET / HTTP/1.0" 200 7349 "-" "Sogou web spider/4.0(+http://www.sogou.com/docs/help/webmasters.htm#07)"
185.180.143.145 - - [11/Oct/2023:10:53:57 -0400] "GET / HTTP/1.0" 200 7349 "http://gradybros.com/" "Mozilla/5.0 (Windows NT 10.0; WOW64) AppleWebKit/537.36 (KHTML, like Gecko) Chrome/66.0.3359.117 Safari/537.36"
12.179.100.234 - - [11/Oct/2023:13:51:25 -0400] "GET /img/Paving_at_indianapolis_motor_speedway.jpg HTTP/1.0" 200 2391548 "https://www.gradybros.com/" "Mozilla/5.0 (Windows NT 10.0; Win64; x64) AppleWebKit/537.36 (KHTML, like Gecko) Chrome/117.0.0.0 Safari/537.36"
12.179.100.234 - - [11/Oct/2023:13:51:47 -0400] "GET /img/icons8-address-96.png HTTP/1.0" 200 2141 "https://www.gradybros.com/" "Mozilla/5.0 (Windows NT 10.0; Win64; x64) AppleWebKit/537.36 (KHTML, like Gecko) Chrome/117.0.0.0 Safari/537.36"
12.179.100.234 - - [11/Oct/2023:13:51:53 -0400] "GET /img/MotorSpeedwayWorkers.png HTTP/1.0" 200 2806435 "https://www.gradybros.com/" "Mozilla/5.0 (Windows NT 10.0; Win64; x64) AppleWebKit/537.36 (KHTML, like Gecko) Chrome/117.0.0.0 Safari/537.36"
34.78.36.141 - - [11/Oct/2023:14:12:14 -0400] "GET / HTTP/1.0" 200 7349 "-" "Mozilla/5.0 (Windows NT 10.0; Win64; x64) AppleWebKit/537.36 (KHTML, like Gecko) Chrome/84.0.4147.105 Safari/537.36"
66.249.66.5 - - [11/Oct/2023:14:23:14 -0400] "GET /robots.txt HTTP/1.0" 404 575 "-" "Mozilla/5.0 (compatible; Googlebot/2.1; +http://www.google.com/bot.html)"
64.225.235.3 - - [11/Oct/2023:16:12:33 -0400] "GET /lib/dist/hamburgers.css HTTP/1.0" 200 27398 "https://www.gradybros.com/" "Mozilla/5.0 (Windows NT 10.0; Win64; x64) AppleWebKit/537.36 (KHTML, like Gecko) Chrome/117.0.0.0 Safari/537.36 Edg/117.0.2045.60"
64.225.235.3 - - [11/Oct/2023:16:12:34 -0400] "GET /img/icons8-linkedin-256.svg HTTP/1.0" 200 949 "https://www.gradybros.com/" "Mozilla/5.0 (Windows NT 10.0; Win64; x64) AppleWebKit/537.36 (KHTML, like Gecko) Chrome/117.0.0.0 Safari/537.36 Edg/117.0.2045.60"
64.225.235.3 - - [11/Oct/2023:16:12:34 -0400] "GET /img/PlaceHolder.jfif HTTP/1.0" 200 801519 "https://www.gradybros.com/" "Mozilla/5.0 (Windows NT 10.0; Win64; x64) AppleWebKit/537.36 (KHTML, like Gecko) Chrome/117.0.0.0 Safari/537.36 Edg/117.0.2045.60"
64.225.235.3 - - [11/Oct/2023:16:12:34 -0400] "GET /img/ASphalt_paving_contractor_motor_speedway_1995_cropped.png HTTP/1.0" 200 9198774 "https://www.gradybros.com/" "Mozilla/5.0 (Windows NT 10.0; Win64; x64) AppleWebKit/537.36 (KHTML, like Gecko) Chrome/117.0.0.0 Safari/537.36 Edg/117.0.2045.60"
64.225.235.3 - - [11/Oct/2023:16:12:36 -0400] "GET /img/Distinguish_partner_award.png HTTP/1.0" 200 10367944 "https://www.gradybros.com/" "Mozilla/5.0 (Windows NT 10.0; Win64; x64) AppleWebKit/537.36 (KHTML, like Gecko) Chrome/117.0.0.0 Safari/537.36 Edg/117.0.2045.60"
192.180.164.107 - - [11/Oct/2023:16:19:53 -0400] "GET /data/reviews.json HTTP/1.0" 200 1349 "https://www.gradybros.com/" "Mozilla/5.0 (Windows NT 10.0; Win64; x64) AppleWebKit/537.36 (KHTML, like Gecko) Chrome/117.0.0.0 Safari/537.36"
192.180.164.107 - - [11/Oct/2023:16:19:53 -0400] "GET /img/PlaceHolder.jfif HTTP/1.0" 200 801519 "https://www.gradybros.com/" "Mozilla/5.0 (Windows NT 10.0; Win64; x64) AppleWebKit/537.36 (KHTML, like Gecko) Chrome/117.0.0.0 Safari/537.36"
192.180.164.107 - - [11/Oct/2023:16:19:53 -0400] "GET /img/Asphalt_pavement_association_award_2004.jpg HTTP/1.0" 200 2153037 "https://www.gradybros.com/" "Mozilla/5.0 (Windows NT 10.0; Win64; x64) AppleWebKit/537.36 (KHTML, like Gecko) Chrome/117.0.0.0 Safari/537.36"
184.154.139.50 - - [11/Oct/2023:19:50:52 -0400] "GET /th1s_1s_a_4o4.html HTTP/1.0" 404 575 "-" "SiteLockSpider [en] (WinNT; I ;Nav)"
50.104.160.64 - - [11/Oct/2023:22:06:16 -0400] "GET /img/Distinguish_partner_award.png HTTP/1.0" 200 10367944 "https://www.gradybros.com/" "Mozilla/5.0 (Linux; Android 10; K) AppleWebKit/537.36 (KHTML, like Gecko) Chrome/117.0.0.0 Mobile Safari/537.36"
50.104.160.64 - - [11/Oct/2023:22:06:16 -0400] "GET /img/Quality_pavement_award_asphalt_pavement_association_of_indiana.png HTTP/1.0" 200 5857608 "https://www.gradybros.com/" "Mozilla/5.0 (Linux; Android 10; K) AppleWebKit/537.36 (KHTML, like Gecko) Chrome/117.0.0.0 Mobile Safari/537.36"
123.125.109.59 - - [11/Oct/2023:23:04:30 -0400] "GET / HTTP/1.0" 200 7349 "-" "Sogou web spider/4.0(+http://www.sogou.com/docs/help/webmasters.htm#07)"
